  console.warn
    ΓÜá∩╕Å [SupabaseAdmin] Service Role Client ch╞░a ─æ╞░ß╗úc khß╗ƒi tß║ío. Mß╗Öt sß╗æ t├¡nh n─âng admin sß║╜ kh├┤ng khß║ú dß╗Ñng trong qu├í tr├¼nh Build.

    [0m [90m 15 |[39m
     [90m 16 |[39m [36mif[39m ([33m![39msupabaseAdmin) {
    [31m[1m>[22m[39m[90m 17 |[39m   console[33m.[39mwarn([32m"ΓÜá∩╕Å [SupabaseAdmin] Service Role Client ch╞░a ─æ╞░ß╗úc khß╗ƒi tß║ío. Mß╗Öt sß╗æ t├¡nh n─âng admin sß║╜ kh├┤ng khß║ú dß╗Ñng trong qu├í tr├¼nh Build."[39m)[33m;[39m
     [90m    |[39m           [31m[1m^[22m[39m
     [90m 18 |[39m }
     [90m 19 |[39m[0m

      at Object.warn (src/lib/supabaseAdmin.js:17:11)
      at Object.<anonymous> (src/lib/actions.js:178:24)
      at Object.<anonymous> (src/app/admin/upload/page.tsx:17:18)
      at Object.<anonymous> (__tests__/adminUpload.test.jsx:41:54)

  console.warn
    ΓÜá∩╕Å FIREBASE_SERVICE_ACCOUNT_KEY is missing. Notifications will be disabled.

    [0m [90m 17 |[39m       console[33m.[39mlog([32m"≡ƒöÑ Firebase Admin initialized successfully!"[39m)[33m;[39m
     [90m 18 |[39m     } [36melse[39m {
    [31m[1m>[22m[39m[90m 19 |[39m       console[33m.[39mwarn([32m"ΓÜá∩╕Å FIREBASE_SERVICE_ACCOUNT_KEY is missing. Notifications will be disabled."[39m)[33m;[39m
     [90m    |[39m               [31m[1m^[22m[39m
     [90m 20 |[39m     }
     [90m 21 |[39m   } [36mcatch[39m (error) {
     [90m 22 |[39m     console[33m.[39merror([32m"Γ¥î Firebase Auth Error:"[39m[33m,[39m error[33m.[39mmessage)[33m;[39m[0m

      at Object.warn (src/lib/notifications.js:19:15)
      at Object.<anonymous> (src/lib/actions.js:181:24)
      at Object.<anonymous> (src/app/admin/upload/page.tsx:17:18)
      at Object.<anonymous> (__tests__/adminUpload.test.jsx:41:54)

  console.warn
    ΓÜá∩╕Å Lß╗ùi fetchStorageUsage (bß╗Å qua): ReferenceError: fetch is not defined
        at fetchStorageUsage (C:\Shiroi Arika\src\app\admin\upload\page.tsx:212:24)
        at fetchStorageUsage (C:\Shiroi Arika\src\app\admin\upload\page.tsx:206:5)
        at commitHookEffectListMount (C:\Shiroi Arika\node_modules\react-dom\cjs\react-dom.development.js:23189:26)
        at commitPassiveMountOnFiber (C:\Shiroi Arika\node_modules\react-dom\cjs\react-dom.development.js:24970:11)
        at commitPassiveMountEffects_complete (C:\Shiroi Arika\node_modules\react-dom\cjs\react-dom.development.js:24930:9)
        at commitPassiveMountEffects_begin (C:\Shiroi Arika\node_modules\react-dom\cjs\react-dom.development.js:24917:7)
        at commitPassiveMountEffects (C:\Shiroi Arika\node_modules\react-dom\cjs\react-dom.development.js:24905:3)
        at flushPassiveEffectsImpl (C:\Shiroi Arika\node_modules\react-dom\cjs\react-dom.development.js:27078:3)
        at flushPassiveEffects (C:\Shiroi Arika\node_modules\react-dom\cjs\react-dom.development.js:27023:14)
        at C:\Shiroi Arika\node_modules\react-dom\cjs\react-dom.development.js:26808:9
        at flushActQueue (C:\Shiroi Arika\node_modules\react\cjs\react.development.js:2667:24)
        at act (C:\Shiroi Arika\node_modules\react\cjs\react.development.js:2582:11)
        at C:\Shiroi Arika\node_modules\@testing-library\react\dist\act-compat.js:46:25
        at renderRoot (C:\Shiroi Arika\node_modules\@testing-library\react\dist\pure.js:189:26)
        at render (C:\Shiroi Arika\node_modules\@testing-library\react\dist\pure.js:291:10)
        at Object.<anonymous> (C:\Shiroi Arika\__tests__\adminUpload.test.jsx:45:11)
        at Promise.finally.completed (C:\Shiroi Arika\node_modules\jest-circus\build\jestAdapterInit.js:1557:28)
        at new Promise (<anonymous>)
        at callAsyncCircusFn (C:\Shiroi Arika\node_modules\jest-circus\build\jestAdapterInit.js:1497:10)
        at _callCircusTest (C:\Shiroi Arika\node_modules\jest-circus\build\jestAdapterInit.js:1007:40)
        at _runTest (C:\Shiroi Arika\node_modules\jest-circus\build\jestAdapterInit.js:947:3)
        at C:\Shiroi Arika\node_modules\jest-circus\build\jestAdapterInit.js:849:7
        at _runTestsForDescribeBlock (C:\Shiroi Arika\node_modules\jest-circus\build\jestAdapterInit.js:862:11)
        at _runTestsForDescribeBlock (C:\Shiroi Arika\node_modules\jest-circus\build\jestAdapterInit.js:857:11)
        at run (C:\Shiroi Arika\node_modules\jest-circus\build\jestAdapterInit.js:761:3)
        at runAndTransformResultsToJestFormat (C:\Shiroi Arika\node_modules\jest-circus\build\jestAdapterInit.js:1918:21)
        at jestAdapter (C:\Shiroi Arika\node_modules\jest-circus\build\runner.js:101:19)
        at runTestInternal (C:\Shiroi Arika\node_modules\jest-runner\build\index.js:275:16)
        at runTest (C:\Shiroi Arika\node_modules\jest-runner\build\index.js:343:7)

    [0m [90m 216 |[39m       }
     [90m 217 |[39m     } [36mcatch[39m (err) {
    [31m[1m>[22m[39m[90m 218 |[39m       console[33m.[39mwarn([32m"ΓÜá∩╕Å Lß╗ùi fetchStorageUsage (bß╗Å qua):"[39m[33m,[39m err)[33m;[39m
     [90m     |[39m               [31m[1m^[22m[39m
     [90m 219 |[39m     }
     [90m 220 |[39m   }[33m;[39m
     [90m 221 |[39m[0m

      at warn (src/app/admin/upload/page.tsx:218:15)
      at fetchStorageUsage (src/app/admin/upload/page.tsx:206:5)
      at commitHookEffectListMount (node_modules/react-dom/cjs/react-dom.development.js:23189:26)
      at commitPassiveMountOnFiber (node_modules/react-dom/cjs/react-dom.development.js:24970:11)
      at commitPassiveMountEffects_complete (node_modules/react-dom/cjs/react-dom.development.js:24930:9)
      at commitPassiveMountEffects_begin (node_modules/react-dom/cjs/react-dom.development.js:24917:7)
      at commitPassiveMountEffects (node_modules/react-dom/cjs/react-dom.development.js:24905:3)
      at flushPassiveEffectsImpl (node_modules/react-dom/cjs/react-dom.development.js:27078:3)
      at flushPassiveEffects (node_modules/react-dom/cjs/react-dom.development.js:27023:14)
      at node_modules/react-dom/cjs/react-dom.development.js:26808:9
      at flushActQueue (node_modules/react/cjs/react.development.js:2667:24)
      at act (node_modules/react/cjs/react.development.js:2582:11)
      at node_modules/@testing-library/react/dist/act-compat.js:46:25
      at renderRoot (node_modules/@testing-library/react/dist/pure.js:189:26)
      at render (node_modules/@testing-library/react/dist/pure.js:291:10)
      at Object.<anonymous> (__tests__/adminUpload.test.jsx:45:11)

  console.warn
    ΓÜá∩╕Å Lß╗ùi fetchStorageUsage (bß╗Å qua): ReferenceError: fetch is not defined
        at fetchStorageUsage (C:\Shiroi Arika\src\app\admin\upload\page.tsx:212:24)
        at fetchStorageUsage (C:\Shiroi Arika\src\app\admin\upload\page.tsx:206:5)
        at commitHookEffectListMount (C:\Shiroi Arika\node_modules\react-dom\cjs\react-dom.development.js:23189:26)
        at commitPassiveMountOnFiber (C:\Shiroi Arika\node_modules\react-dom\cjs\react-dom.development.js:24970:11)
        at commitPassiveMountEffects_complete (C:\Shiroi Arika\node_modules\react-dom\cjs\react-dom.development.js:24930:9)
        at commitPassiveMountEffects_begin (C:\Shiroi Arika\node_modules\react-dom\cjs\react-dom.development.js:24917:7)
        at commitPassiveMountEffects (C:\Shiroi Arika\node_modules\react-dom\cjs\react-dom.development.js:24905:3)
        at flushPassiveEffectsImpl (C:\Shiroi Arika\node_modules\react-dom\cjs\react-dom.development.js:27078:3)
        at flushPassiveEffects (C:\Shiroi Arika\node_modules\react-dom\cjs\react-dom.development.js:27023:14)
        at C:\Shiroi Arika\node_modules\react-dom\cjs\react-dom.development.js:26808:9
        at flushActQueue (C:\Shiroi Arika\node_modules\react\cjs\react.development.js:2667:24)
        at act (C:\Shiroi Arika\node_modules\react\cjs\react.development.js:2582:11)
        at C:\Shiroi Arika\node_modules\@testing-library\react\dist\act-compat.js:46:25
        at renderRoot (C:\Shiroi Arika\node_modules\@testing-library\react\dist\pure.js:189:26)
        at render (C:\Shiroi Arika\node_modules\@testing-library\react\dist\pure.js:291:10)
        at Object.<anonymous> (C:\Shiroi Arika\__tests__\adminUpload.test.jsx:60:11)
        at Promise.finally.completed (C:\Shiroi Arika\node_modules\jest-circus\build\jestAdapterInit.js:1557:28)
        at new Promise (<anonymous>)
        at callAsyncCircusFn (C:\Shiroi Arika\node_modules\jest-circus\build\jestAdapterInit.js:1497:10)
        at _callCircusTest (C:\Shiroi Arika\node_modules\jest-circus\build\jestAdapterInit.js:1007:40)
        at _runTest (C:\Shiroi Arika\node_modules\jest-circus\build\jestAdapterInit.js:947:3)
        at C:\Shiroi Arika\node_modules\jest-circus\build\jestAdapterInit.js:849:7
        at _runTestsForDescribeBlock (C:\Shiroi Arika\node_modules\jest-circus\build\jestAdapterInit.js:862:11)
        at _runTestsForDescribeBlock (C:\Shiroi Arika\node_modules\jest-circus\build\jestAdapterInit.js:857:11)
        at run (C:\Shiroi Arika\node_modules\jest-circus\build\jestAdapterInit.js:761:3)
        at runAndTransformResultsToJestFormat (C:\Shiroi Arika\node_modules\jest-circus\build\jestAdapterInit.js:1918:21)
        at jestAdapter (C:\Shiroi Arika\node_modules\jest-circus\build\runner.js:101:19)
        at runTestInternal (C:\Shiroi Arika\node_modules\jest-runner\build\index.js:275:16)
        at runTest (C:\Shiroi Arika\node_modules\jest-runner\build\index.js:343:7)

    [0m [90m 216 |[39m       }
     [90m 217 |[39m     } [36mcatch[39m (err) {
    [31m[1m>[22m[39m[90m 218 |[39m       console[33m.[39mwarn([32m"ΓÜá∩╕Å Lß╗ùi fetchStorageUsage (bß╗Å qua):"[39m[33m,[39m err)[33m;[39m
     [90m     |[39m               [31m[1m^[22m[39m
     [90m 219 |[39m     }
     [90m 220 |[39m   }[33m;[39m
     [90m 221 |[39m[0m

      at warn (src/app/admin/upload/page.tsx:218:15)
      at fetchStorageUsage (src/app/admin/upload/page.tsx:206:5)
      at commitHookEffectListMount (node_modules/react-dom/cjs/react-dom.development.js:23189:26)
      at commitPassiveMountOnFiber (node_modules/react-dom/cjs/react-dom.development.js:24970:11)
      at commitPassiveMountEffects_complete (node_modules/react-dom/cjs/react-dom.development.js:24930:9)
      at commitPassiveMountEffects_begin (node_modules/react-dom/cjs/react-dom.development.js:24917:7)
      at commitPassiveMountEffects (node_modules/react-dom/cjs/react-dom.development.js:24905:3)
      at flushPassiveEffectsImpl (node_modules/react-dom/cjs/react-dom.development.js:27078:3)
      at flushPassiveEffects (node_modules/react-dom/cjs/react-dom.development.js:27023:14)
      at node_modules/react-dom/cjs/react-dom.development.js:26808:9
      at flushActQueue (node_modules/react/cjs/react.development.js:2667:24)
      at act (node_modules/react/cjs/react.development.js:2582:11)
      at node_modules/@testing-library/react/dist/act-compat.js:46:25
      at renderRoot (node_modules/@testing-library/react/dist/pure.js:189:26)
      at render (node_modules/@testing-library/react/dist/pure.js:291:10)
      at Object.<anonymous> (__tests__/adminUpload.test.jsx:60:11)

  console.warn
    ΓÜá∩╕Å Lß╗ùi fetchStorageUsage (bß╗Å qua): ReferenceError: fetch is not defined
        at fetchStorageUsage (C:\Shiroi Arika\src\app\admin\upload\page.tsx:212:24)
        at fetchStorageUsage (C:\Shiroi Arika\src\app\admin\upload\page.tsx:206:5)
        at commitHookEffectListMount (C:\Shiroi Arika\node_modules\react-dom\cjs\react-dom.development.js:23189:26)
        at commitPassiveMountOnFiber (C:\Shiroi Arika\node_modules\react-dom\cjs\react-dom.development.js:24970:11)
        at commitPassiveMountEffects_complete (C:\Shiroi Arika\node_modules\react-dom\cjs\react-dom.development.js:24930:9)
        at commitPassiveMountEffects_begin (C:\Shiroi Arika\node_modules\react-dom\cjs\react-dom.development.js:24917:7)
        at commitPassiveMountEffects (C:\Shiroi Arika\node_modules\react-dom\cjs\react-dom.development.js:24905:3)
        at flushPassiveEffectsImpl (C:\Shiroi Arika\node_modules\react-dom\cjs\react-dom.development.js:27078:3)
        at flushPassiveEffects (C:\Shiroi Arika\node_modules\react-dom\cjs\react-dom.development.js:27023:14)
        at C:\Shiroi Arika\node_modules\react-dom\cjs\react-dom.development.js:26808:9
        at flushActQueue (C:\Shiroi Arika\node_modules\react\cjs\react.development.js:2667:24)
        at act (C:\Shiroi Arika\node_modules\react\cjs\react.development.js:2582:11)
        at C:\Shiroi Arika\node_modules\@testing-library\react\dist\act-compat.js:46:25
        at renderRoot (C:\Shiroi Arika\node_modules\@testing-library\react\dist\pure.js:189:26)
        at render (C:\Shiroi Arika\node_modules\@testing-library\react\dist\pure.js:291:10)
        at Object.<anonymous> (C:\Shiroi Arika\__tests__\adminUpload.test.jsx:73:11)
        at Promise.finally.completed (C:\Shiroi Arika\node_modules\jest-circus\build\jestAdapterInit.js:1557:28)
        at new Promise (<anonymous>)
        at callAsyncCircusFn (C:\Shiroi Arika\node_modules\jest-circus\build\jestAdapterInit.js:1497:10)
        at _callCircusTest (C:\Shiroi Arika\node_modules\jest-circus\build\jestAdapterInit.js:1007:40)
        at _runTest (C:\Shiroi Arika\node_modules\jest-circus\build\jestAdapterInit.js:947:3)
        at C:\Shiroi Arika\node_modules\jest-circus\build\jestAdapterInit.js:849:7
        at _runTestsForDescribeBlock (C:\Shiroi Arika\node_modules\jest-circus\build\jestAdapterInit.js:862:11)
        at _runTestsForDescribeBlock (C:\Shiroi Arika\node_modules\jest-circus\build\jestAdapterInit.js:857:11)
        at run (C:\Shiroi Arika\node_modules\jest-circus\build\jestAdapterInit.js:761:3)
        at runAndTransformResultsToJestFormat (C:\Shiroi Arika\node_modules\jest-circus\build\jestAdapterInit.js:1918:21)
        at jestAdapter (C:\Shiroi Arika\node_modules\jest-circus\build\runner.js:101:19)
        at runTestInternal (C:\Shiroi Arika\node_modules\jest-runner\build\index.js:275:16)
        at runTest (C:\Shiroi Arika\node_modules\jest-runner\build\index.js:343:7)

    [0m [90m 216 |[39m       }
     [90m 217 |[39m     } [36mcatch[39m (err) {
    [31m[1m>[22m[39m[90m 218 |[39m       console[33m.[39mwarn([32m"ΓÜá∩╕Å Lß╗ùi fetchStorageUsage (bß╗Å qua):"[39m[33m,[39m err)[33m;[39m
     [90m     |[39m               [31m[1m^[22m[39m
     [90m 219 |[39m     }
     [90m 220 |[39m   }[33m;[39m
     [90m 221 |[39m[0m

      at warn (src/app/admin/upload/page.tsx:218:15)
      at fetchStorageUsage (src/app/admin/upload/page.tsx:206:5)
      at commitHookEffectListMount (node_modules/react-dom/cjs/react-dom.development.js:23189:26)
      at commitPassiveMountOnFiber (node_modules/react-dom/cjs/react-dom.development.js:24970:11)
      at commitPassiveMountEffects_complete (node_modules/react-dom/cjs/react-dom.development.js:24930:9)
      at commitPassiveMountEffects_begin (node_modules/react-dom/cjs/react-dom.development.js:24917:7)
      at commitPassiveMountEffects (node_modules/react-dom/cjs/react-dom.development.js:24905:3)
      at flushPassiveEffectsImpl (node_modules/react-dom/cjs/react-dom.development.js:27078:3)
      at flushPassiveEffects (node_modules/react-dom/cjs/react-dom.development.js:27023:14)
      at node_modules/react-dom/cjs/react-dom.development.js:26808:9
      at flushActQueue (node_modules/react/cjs/react.development.js:2667:24)
      at act (node_modules/react/cjs/react.development.js:2582:11)
      at node_modules/@testing-library/react/dist/act-compat.js:46:25
      at renderRoot (node_modules/@testing-library/react/dist/pure.js:189:26)
      at render (node_modules/@testing-library/react/dist/pure.js:291:10)
      at Object.<anonymous> (__tests__/adminUpload.test.jsx:73:11)

cmd : FAIL __tests__/adminUpload.test.jsx
At line:1 char:1
+ cmd /c npx jest __tests__/adminUpload.test.jsx > test_output.txt 2>&1
+ ~~~~~~~~~~~~~~~~~~~~~~~~~~~~~~~~~~~~~~~~~~~~~~~~~~~~~~~~~~~~~~~~~~~~~
    + CategoryInfo          : NotSpecified: (FAIL __tests__/adminUpload.test.jsx:String) [], RemoteException
    + FullyQualifiedErrorId : NativeCommandError
 
  Trang Admin Quß║ún L├╜ Upload - Kiß╗âm Thß╗¡ Viß╗çt H├│a & Logic To├án Diß╗çn ≡ƒìÇ
    ├ù phß║úi hiß╗ân thß╗ï danh s├ích Manga ─æ├ú l╞░u trong hß╗ç thß╗æng (1140 ms)
    ├ù phß║úi chß║╖n qu├í tr├¼nh xuß║Ñt bß║ún nß║┐u th├┤ng tin ch╞░╞íng trß╗æng (1045 ms)
    ├ù phß║úi hiß╗ân thß╗ï n├║t th├¬m trang truyß╗çn trß╗▒c quan (29 ms)
    ├ù phß║úi kiß╗âm so├ít ─æ╞░ß╗úc dung l╞░ß╗úng l╞░u trß╗» (Storage Meter) (1024 ms)

  ΓùÅ Trang Admin Quß║ún L├╜ Upload - Kiß╗âm Thß╗¡ Viß╗çt H├│a & Logic To├án Diß╗çn ≡ƒìÇ ΓÇ║ phß║úi hiß╗ân thß╗ï danh 
s├ích Manga ─æ├ú l╞░u trong hß╗ç thß╗æng

    Unable to find an element with the text: Code Geass: Lelouch of the Rebellion. This could be because the text is 
broken up by multiple elements. In this case, you can provide a function for your text matcher to make your matcher 
more flexible.

    Ignored nodes: comments, script, style
    [36m<body>[39m
      [36m<div>[39m
        [36m<div[39m
          [33mclass[39m=[32m"min-h-screen bg-[#0a0c0a] text-white p-4 sm:p-8 font-sans"[39m
        [36m>[39m
          [36m<div[39m
            [33mclass[39m=[32m"max-w-6xl mx-auto pb-40"[39m
          [36m>[39m
            [36m<div[39m
              [33mclass[39m=[32m"flex items-center justify-between mb-8 border-b border-white/5 pb-6"[39m
            [36m>[39m
              [36m<h1[39m
                [33mclass[39m=[32m"text-[12px] font-black uppercase tracking-[0.5em] flex items-center gap-3"[39m
              [36m>[39m
                [36m<span[39m
                  [33mclass[39m=[32m"bg-[#4caf50] text-black px-2 py-0.5 rounded-sm"[39m
                [36m>[39m
                  [0mADMIN[0m
                [36m</span>[39m
                [0m─É─éNG CH╞»╞áNG[0m
                [0m [0m
                [36m<span[39m
                  [33mclass[39m=[32m"text-[#4caf50]"[39m
                [36m>[39m
                  [0m≡ƒìÇ[0m
                [36m</span>[39m
              [36m</h1>[39m
              [36m<div[39m
                [33mclass[39m=[32m"flex flex-col items-end gap-1"[39m
              [36m>[39m
                [36m<button[39m
                  [33mclass[39m=[32m"px-6 py-3 rounded-xl font-black text-[10px] uppercase tracking-widest 
transition-all flex items-center justify-center gap-2 shadow-lg disabled:opacity-50 disabled:cursor-not-allowed 
bg-white/5 border border-white/5 text-gray-400 hover:text-white active:scale-95"[39m
                [36m>[39m
                  [0mQUAY Lß║áI[0m
                [36m</button>[39m
              [36m</div>[39m
            [36m</div>[39m
            [36m<div[39m
              [33mclass[39m=[32m"space-y-12"[39m
            [36m>[39m
              [36m<div[39m
                [33mclass[39m=[32m"bg-white/[0.02] p-6 rounded-3xl border border-white/5 shadow-2xl"[39m
              [36m>[39m
                [36m<div[39m
                  [33mclass[39m=[32m"grid grid-cols-1 md:grid-cols-12 gap-6 items-end"[39m
                [36m>[39m
                  [36m<div[39m
                    [33mclass[39m=[32m"md:col-span-12 lg:col-span-6 space-y-2"[39m
                  [36m>[39m
                    [36m<label[39m
                      [33mclass[39m=[32m"text-[9px] font-black text-gray-500 uppercase tracking-widest pl-1"[39m
                    [36m>[39m
                      [0mBß╗Ö manga[0m
                    [36m</label>[39m
                    [36m<div[39m
                      [33mclass[39m=[32m"p-4 rounded-2xl bg-black border border-white/5 shadow-inner"[39m
                    [36m>[39m
                      [36m<p[39m
                        [33mclass[39m=[32m"text-sm font-black text-[#4caf50] uppercase truncate"[39m
                      [36m>[39m
                        [0m...[0m
                      [36m</p>[39m
                    [36m</div>[39m
                  [36m</div>[39m
                  [36m<div[39m
                    [33mclass[39m=[32m"md:col-span-4 lg:col-span-2 space-y-2"[39m
                  [36m>[39m
                    [36m<label[39m
                      [33mclass[39m=[32m"text-[9px] font-black text-gray-500 uppercase tracking-widest pl-1"[39m
                    [36m>[39m
                      [0mSß╗æ ch╞░╞íng[0m
                    [36m</label>[39m
                    [36m<input[39m
                      [33mclass[39m=[32m"w-full bg-black border border-white/10 rounded-2xl p-4 text-sm font-black 
text-[#4caf50] outline-none focus:border-[#4caf50]"[39m
                      [33mmax[39m=[32m"99999999"[39m
                      [33mplaceholder[39m=[32m"1"[39m
                      [33mstep[39m=[32m"0.1"[39m
                      [33mtype[39m=[32m"number"[39m
                      [33mvalue[39m=[32m""[39m
                    [36m/>[39m
                  [36m</div>[39m
                  [36m<div[39m
                    [33mclass[39m=[32m"md:col-span-8 lg:col-span-4 space-y-2"[39m
                  [36m>[39m
                    [36m<label[39m
                      [33mclass[39m=[32m"text-[9px] font-black text-gray-500 uppercase tracking-widest pl-1"[39m
                    [36m>[39m
                      [0mT├¬n ch╞░╞íng[0m
                    [36m</label>[39m
                    [36m<input[39m
                      [33mclass[39m=[32m"w-full bg-black border border-white/10 rounded-2xl p-4 text-sm font-black 
outline-none focus:border-[#4caf50]"[39m
                      [33mmaxlength[39m=[32m"200"[39m
                      [33mplaceholder[39m=[32m"Nß╗Öi dung t├╣y chß╗ìn..."[39m
                      [33mtype[39m=[32m"text"[39m
                      [33mvalue[39m=[32m""[39m
                    [36m/>[39m
                  [36m</div>[39m
                [36m</div>[39m
              [36m</div>[39m
              [36m<div[39m
                [33mclass[39m=[32m"space-y-6"[39m
              [36m>[39m
                [36m<div[39m
                  [33mclass[39m=[32m"flex gap-2 p-1.5 bg-white/5 rounded-2xl w-fit"[39m
                [36m>[39m
                  [36m<button[39m
                    [33mclass[39m=[32m"px-6 py-2.5 rounded-xl text-[10px] font-black uppercase tracking-widest 
transition-all bg-[#4caf50] text-black shadow-lg"[39m
                  [36m>[39m
                    [0mTß║úi file (MHTML/ß║ónh)[0m
                  [36m</button>[39m
                  [36m<button[39m
                    [33mclass[39m=[32m"px-6 py-2.5 rounded-xl text-[10px] font-black uppercase tracking-widest 
transition-all text-gray-400 hover:text-white"[39m
                  [36m>[39m
                    [0mD├ín link (Auto-Leech)[0m
                  [36m</button>[39m
                [36m</div>[39m
                [36m<div[39m
                  [33mclass[39m=[32m"relative group"[39m
                [36m>[39m
                  [36m<div[39m
                    [33mclass[39m=[32m"bg-white/[0.02] p-12 rounded-3xl border-2 border-dashed border-white/5 
hover:border-[#4caf50]/30 transition-all flex flex-col items-center justify-center gap-4 cursor-pointer"[39m
                  [36m>[39m
                    [36m<input[39m
                      [33maccept[39m=[32m"image/*,.mhtml,.mht"[39m
                      [33mclass[39m=[32m"absolute inset-0 opacity-0 cursor-pointer z-10"[39m
                      [33mmultiple[39m=[32m""[39m
                      [33mtype[39m=[32m"file"[39m
                    [36m/>[39m
                    [36m<div[39m
                      [33mclass[39m=[32m"w-16 h-16 rounded-full bg-[#4caf50]/10 flex items-center justify-center 
text-[#4caf50] group-hover:scale-110 transition-transform"[39m
                    [36m>[39m
                      [36m<svg[39m
                        [33mclass[39m=[32m"w-8 h-8"[39m
                        [33mfill[39m=[32m"none"[39m
                        [33mstroke[39m=[32m"currentColor"[39m
                        [33mviewBox[39m=[32m"0 0 24 24"[39m
                      [36m>[39m
                        [36m<path[39m
                          [33md[39m=[32m"M12 4v16m8-8H4"[39m
                          [33mstroke-linecap[39m=[32m"round"[39m
                          [33mstroke-linejoin[39m=[32m"round"[39m
                          [33mstroke-width[39m=[32m"3"[39m
                        [36m/>[39m
                      [36m</svg>[39m
                    [36m</div>[39m
                    [36m<div[39m
                      [33mclass[39m=[32m"text-center"[39m
                    [36m>[39m
                      [36m<p[39m
                        [33mclass[39m=[32m"text-xs font-black uppercase tracking-widest"[39m
                      [36m>[39m
                        [0mK├⌐o thß║ú hoß║╖c Nhß║Ñn ─æß╗â tß║úi file[0m
                      [36m</p>[39m
                      [36m<p[39m
                        [33mclass[39m=[32m"text-[9px] text-gray-500 font-bold uppercase tracking-widest mt-1"[39m
                      [36m>[39m
                        [0mHß╗ù trß╗ú ß║únh lß║╗ hoß║╖c file MHTML ≡ƒôé[0m
                      [36m</p>[39m
                    [36m</div>[39m
                  [36m</div>[39m
                [36m</div>[39m
              [36m</div>[39m
              [36m<div[39m
                [33mclass[39m=[32m"space-y-6"[39m
              [36m>[39m
                [36m<div[39m
                  [33mclass[39m=[32m"flex items-center justify-between px-2"[39m
                [36m>[39m
                  [36m<h2[39m
                    [33mclass[39m=[32m"text-[11px] font-black text-gray-600 uppercase tracking-widest 
leading-none"[39m
                  [36m>[39m
                    [0mC├üC TRANG TRUYß╗åN ([0m
                    [0m0[0m
                    [0m)[0m
                  [36m</h2>[39m
                  [36m<div[39m
                    [33mclass[39m=[32m"flex items-center gap-4"[39m
                  [36m/>[39m
                [36m</div>[39m
                [36m<div[39m
                  [33mclass[39m=[32m"flex flex-wrap gap-5"[39m
                [36m/>[39m
                [36m<div[39m
                  [33mid[39m=[32m"DndDescribedBy-0"[39m
                  [33mstyle[39m=[32m"display: none;"[39m
                [36m>[39m
                  [0m
        To pick up a draggable item, press the space bar.
        While dragging, use the arrow keys to move the item.
        Press space again to drop the item in its new position, or press escape to cancel.
      [0m
                [36m</div>[39m
                [36m<div[39m
                  [33maria-atomic[39m=[32m"true"[39m
                  [33maria-live[39m=[32m"assertive"[39m
                  [33mid[39m=[32m"DndLiveRegion-0"[39m
                  [33mrole[39m=[32m"status"[39m
                  [33mstyle[39m=[32m"position: fixed; top: 0px; left: 0px; width: 1px; height: 1px; margin: -1px; 
border: 0px; padding: 0px; overflow: hidden; clip-path: inset(100%); white-space: nowrap;"[39m
                [36m/>[39m
              [36m</div>[39m
            [36m</div>[39m
            [36m<div[39m
              [33mclass[39m=[32m"fixed bottom-10 left-1/2 -translate-x-1/2 z-50 w-full max-w-sm px-6"[39m
            [36m>[39m
              [36m<div[39m
                [33mclass[39m=[32m"p-4 bg-black/80 backdrop-blur-2xl border border-white/10 rounded-3xl shadow-2xl 
flex flex-col gap-4"[39m
              [36m>[39m
                [36m<button[39m
                  [33mclass[39m=[32m"w-full h-14 rounded-2xl font-black text-[11px] tracking-[0.4em] uppercase 
transition-all active:scale-95 bg-white/5 text-white/20"[39m
                  [33mdisabled[39m=[32m""[39m
                [36m>[39m
                  [0mXUß║ñT Bß║óN NGAY ≡ƒÜÇ[0m
                [36m</button>[39m
              [36m</div>[39m
            [36m</div>[39m
          [36m</div>[39m
        [36m</div>[39m
      [36m</div>[39m
    [36m</body>[39m

    [0m [90m 46 |[39m
     [90m 47 |[39m     [90m// Kiß╗âm tra xem ti├¬u ─æß╗ü truyß╗çn c├│ hiß╗ân thß╗ï trong danh s├ích dropdown/list 
kh├┤ng[39m
    [31m[1m>[22m[39m[90m 48 |[39m     [36mawait[39m waitFor(() [33m=>[39m {
     [90m    |[39m                  [31m[1m^[22m[39m
     [90m 49 |[39m       expect(screen[33m.[39mgetByText([32m'Code Geass: Lelouch of the 
Rebellion'[39m))[33m.[39mtoBeInTheDocument()[33m;[39m
     [90m 50 |[39m     })[33m;[39m
     [90m 51 |[39m   })[33m;[39m[0m

      at waitForWrapper (node_modules/@testing-library/dom/dist/wait-for.js:163:27)
      at Object.<anonymous> (__tests__/adminUpload.test.jsx:48:18)

  ΓùÅ Trang Admin Quß║ún L├╜ Upload - Kiß╗âm Thß╗¡ Viß╗çt H├│a & Logic To├án Diß╗çn ≡ƒìÇ ΓÇ║ phß║úi chß║╖n qu├í tr├¼nh 
xuß║Ñt bß║ún nß║┐u th├┤ng tin ch╞░╞íng trß╗æng

    Unable to find an element with the text: /CH╞»A NHß║¼P ─Éß╗ª TH├öNG TIN! ≡ƒìÇ/i. This could be because the text is 
broken up by multiple elements. In this case, you can provide a function for your text matcher to make your matcher 
more flexible.

    Ignored nodes: comments, script, style
    [36m<body>[39m
      [36m<div>[39m
        [36m<div[39m
          [33mclass[39m=[32m"min-h-screen bg-[#0a0c0a] text-white p-4 sm:p-8 font-sans"[39m
        [36m>[39m
          [36m<div[39m
            [33mclass[39m=[32m"max-w-6xl mx-auto pb-40"[39m
          [36m>[39m
            [36m<div[39m
              [33mclass[39m=[32m"flex items-center justify-between mb-8 border-b border-white/5 pb-6"[39m
            [36m>[39m
              [36m<h1[39m
                [33mclass[39m=[32m"text-[12px] font-black uppercase tracking-[0.5em] flex items-center gap-3"[39m
              [36m>[39m
                [36m<span[39m
                  [33mclass[39m=[32m"bg-[#4caf50] text-black px-2 py-0.5 rounded-sm"[39m
                [36m>[39m
                  [0mADMIN[0m
                [36m</span>[39m
                [0m─É─éNG CH╞»╞áNG[0m
                [0m [0m
                [36m<span[39m
                  [33mclass[39m=[32m"text-[#4caf50]"[39m
                [36m>[39m
                  [0m≡ƒìÇ[0m
                [36m</span>[39m
              [36m</h1>[39m
              [36m<div[39m
                [33mclass[39m=[32m"flex flex-col items-end gap-1"[39m
              [36m>[39m
                [36m<button[39m
                  [33mclass[39m=[32m"px-6 py-3 rounded-xl font-black text-[10px] uppercase tracking-widest 
transition-all flex items-center justify-center gap-2 shadow-lg disabled:opacity-50 disabled:cursor-not-allowed 
bg-white/5 border border-white/5 text-gray-400 hover:text-white active:scale-95"[39m
                [36m>[39m
                  [0mQUAY Lß║áI[0m
                [36m</button>[39m
              [36m</div>[39m
            [36m</div>[39m
            [36m<div[39m
              [33mclass[39m=[32m"space-y-12"[39m
            [36m>[39m
              [36m<div[39m
                [33mclass[39m=[32m"bg-white/[0.02] p-6 rounded-3xl border border-white/5 shadow-2xl"[39m
              [36m>[39m
                [36m<div[39m
                  [33mclass[39m=[32m"grid grid-cols-1 md:grid-cols-12 gap-6 items-end"[39m
                [36m>[39m
                  [36m<div[39m
                    [33mclass[39m=[32m"md:col-span-12 lg:col-span-6 space-y-2"[39m
                  [36m>[39m
                    [36m<label[39m
                      [33mclass[39m=[32m"text-[9px] font-black text-gray-500 uppercase tracking-widest pl-1"[39m
                    [36m>[39m
                      [0mBß╗Ö manga[0m
                    [36m</label>[39m
                    [36m<div[39m
                      [33mclass[39m=[32m"p-4 rounded-2xl bg-black border border-white/5 shadow-inner"[39m
                    [36m>[39m
                      [36m<p[39m
                        [33mclass[39m=[32m"text-sm font-black text-[#4caf50] uppercase truncate"[39m
                      [36m>[39m
                        [0m...[0m
                      [36m</p>[39m
                    [36m</div>[39m
                  [36m</div>[39m
                  [36m<div[39m
                    [33mclass[39m=[32m"md:col-span-4 lg:col-span-2 space-y-2"[39m
                  [36m>[39m
                    [36m<label[39m
                      [33mclass[39m=[32m"text-[9px] font-black text-gray-500 uppercase tracking-widest pl-1"[39m
                    [36m>[39m
                      [0mSß╗æ ch╞░╞íng[0m
                    [36m</label>[39m
                    [36m<input[39m
                      [33mclass[39m=[32m"w-full bg-black border border-white/10 rounded-2xl p-4 text-sm font-black 
text-[#4caf50] outline-none focus:border-[#4caf50]"[39m
                      [33mmax[39m=[32m"99999999"[39m
                      [33mplaceholder[39m=[32m"1"[39m
                      [33mstep[39m=[32m"0.1"[39m
                      [33mtype[39m=[32m"number"[39m
                      [33mvalue[39m=[32m""[39m
                    [36m/>[39m
                  [36m</div>[39m
                  [36m<div[39m
                    [33mclass[39m=[32m"md:col-span-8 lg:col-span-4 space-y-2"[39m
                  [36m>[39m
                    [36m<label[39m
                      [33mclass[39m=[32m"text-[9px] font-black text-gray-500 uppercase tracking-widest pl-1"[39m
                    [36m>[39m
                      [0mT├¬n ch╞░╞íng[0m
                    [36m</label>[39m
                    [36m<input[39m
                      [33mclass[39m=[32m"w-full bg-black border border-white/10 rounded-2xl p-4 text-sm font-black 
outline-none focus:border-[#4caf50]"[39m
                      [33mmaxlength[39m=[32m"200"[39m
                      [33mplaceholder[39m=[32m"Nß╗Öi dung t├╣y chß╗ìn..."[39m
                      [33mtype[39m=[32m"text"[39m
                      [33mvalue[39m=[32m""[39m
                    [36m/>[39m
                  [36m</div>[39m
                [36m</div>[39m
              [36m</div>[39m
              [36m<div[39m
                [33mclass[39m=[32m"space-y-6"[39m
              [36m>[39m
                [36m<div[39m
                  [33mclass[39m=[32m"flex gap-2 p-1.5 bg-white/5 rounded-2xl w-fit"[39m
                [36m>[39m
                  [36m<button[39m
                    [33mclass[39m=[32m"px-6 py-2.5 rounded-xl text-[10px] font-black uppercase tracking-widest 
transition-all bg-[#4caf50] text-black shadow-lg"[39m
                  [36m>[39m
                    [0mTß║úi file (MHTML/ß║ónh)[0m
                  [36m</button>[39m
                  [36m<button[39m
                    [33mclass[39m=[32m"px-6 py-2.5 rounded-xl text-[10px] font-black uppercase tracking-widest 
transition-all text-gray-400 hover:text-white"[39m
                  [36m>[39m
                    [0mD├ín link (Auto-Leech)[0m
                  [36m</button>[39m
                [36m</div>[39m
                [36m<div[39m
                  [33mclass[39m=[32m"relative group"[39m
                [36m>[39m
                  [36m<div[39m
                    [33mclass[39m=[32m"bg-white/[0.02] p-12 rounded-3xl border-2 border-dashed border-white/5 
hover:border-[#4caf50]/30 transition-all flex flex-col items-center justify-center gap-4 cursor-pointer"[39m
                  [36m>[39m
                    [36m<input[39m
                      [33maccept[39m=[32m"image/*,.mhtml,.mht"[39m
                      [33mclass[39m=[32m"absolute inset-0 opacity-0 cursor-pointer z-10"[39m
                      [33mmultiple[39m=[32m""[39m
                      [33mtype[39m=[32m"file"[39m
                    [36m/>[39m
                    [36m<div[39m
                      [33mclass[39m=[32m"w-16 h-16 rounded-full bg-[#4caf50]/10 flex items-center justify-center 
text-[#4caf50] group-hover:scale-110 transition-transform"[39m
                    [36m>[39m
                      [36m<svg[39m
                        [33mclass[39m=[32m"w-8 h-8"[39m
                        [33mfill[39m=[32m"none"[39m
                        [33mstroke[39m=[32m"currentColor"[39m
                        [33mviewBox[39m=[32m"0 0 24 24"[39m
                      [36m>[39m
                        [36m<path[39m
                          [33md[39m=[32m"M12 4v16m8-8H4"[39m
                          [33mstroke-linecap[39m=[32m"round"[39m
                          [33mstroke-linejoin[39m=[32m"round"[39m
                          [33mstroke-width[39m=[32m"3"[39m
                        [36m/>[39m
                      [36m</svg>[39m
                    [36m</div>[39m
                    [36m<div[39m
                      [33mclass[39m=[32m"text-center"[39m
                    [36m>[39m
                      [36m<p[39m
                        [33mclass[39m=[32m"text-xs font-black uppercase tracking-widest"[39m
                      [36m>[39m
                        [0mK├⌐o thß║ú hoß║╖c Nhß║Ñn ─æß╗â tß║úi file[0m
                      [36m</p>[39m
                      [36m<p[39m
                        [33mclass[39m=[32m"text-[9px] text-gray-500 font-bold uppercase tracking-widest mt-1"[39m
                      [36m>[39m
                        [0mHß╗ù trß╗ú ß║únh lß║╗ hoß║╖c file MHTML ≡ƒôé[0m
                      [36m</p>[39m
                    [36m</div>[39m
                  [36m</div>[39m
                [36m</div>[39m
              [36m</div>[39m
              [36m<div[39m
                [33mclass[39m=[32m"space-y-6"[39m
              [36m>[39m
                [36m<div[39m
                  [33mclass[39m=[32m"flex items-center justify-between px-2"[39m
                [36m>[39m
                  [36m<h2[39m
                    [33mclass[39m=[32m"text-[11px] font-black text-gray-600 uppercase tracking-widest 
leading-none"[39m
                  [36m>[39m
                    [0mC├üC TRANG TRUYß╗åN ([0m
                    [0m0[0m
                    [0m)[0m
                  [36m</h2>[39m
                  [36m<div[39m
                    [33mclass[39m=[32m"flex items-center gap-4"[39m
                  [36m/>[39m
                [36m</div>[39m
                [36m<div[39m
                  [33mclass[39m=[32m"flex flex-wrap gap-5"[39m
                [36m/>[39m
                [36m<div[39m
                  [33mid[39m=[32m"DndDescribedBy-1"[39m
                  [33mstyle[39m=[32m"display: none;"[39m
                [36m>[39m
                  [0m
        To pick up a draggable item, press the space bar.
        While dragging, use the arrow keys to move the item.
        Press space again to drop the item in its new position, or press escape to cancel.
      [0m
                [36m</div>[39m
                [36m<div[39m
                  [33maria-atomic[39m=[32m"true"[39m
                  [33maria-live[39m=[32m"assertive"[39m
                  [33mid[39m=[32m"DndLiveRegion-1"[39m
                  [33mrole[39m=[32m"status"[39m
                  [33mstyle[39m=[32m"position: fixed; top: 0px; left: 0px; width: 1px; height: 1px; margin: -1px; 
border: 0px; padding: 0px; overflow: hidden; clip-path: inset(100%); white-space: nowrap;"[39m
                [36m/>[39m
              [36m</div>[39m
            [36m</div>[39m
            [36m<div[39m
              [33mclass[39m=[32m"fixed bottom-10 left-1/2 -translate-x-1/2 z-50 w-full max-w-sm px-6"[39m
            [36m>[39m
              [36m<div[39m
                [33mclass[39m=[32m"p-4 bg-black/80 backdrop-blur-2xl border border-white/10 rounded-3xl shadow-2xl 
flex flex-col gap-4"[39m
              [36m>[39m
                [36m<button[39m
                  [33mclass[39m=[32m"w-full h-14 rounded-2xl font-black text-[11px] tracking-[0.4em] uppercase 
transition-all active:scale-95 bg-white/5 text-white/20"[39m
                  [33mdisabled[39m=[32m""[39m
                [36m>[39m
                  [0mXUß║ñT Bß║óN NGAY ≡ƒÜÇ[0m
                [36m</button>[39m
              [36m</div>[39m
            [36m</div>[39m
          [36m</div>[39m
        [36m</div>[39m
      [36m</div>[39m
    [36m</body>[39m

    [0m [90m 64 |[39m     fireEvent[33m.[39mclick(publishBtn)[33m;[39m
     [90m 65 |[39m
    [31m[1m>[22m[39m[90m 66 |[39m     [36mawait[39m waitFor(() [33m=>[39m {
     [90m    |[39m                  [31m[1m^[22m[39m
     [90m 67 |[39m       [90m// Th├┤ng b├ío lß╗ùi phß║úi khß╗¢p ho├án to├án vß╗¢i giao diß╗çn Admin[39m
     [90m 68 |[39m       expect(screen[33m.[39mgetByText([35m/CH╞»A NHß║¼P ─Éß╗ª TH├öNG TIN! 
≡ƒìÇ/i[39m))[33m.[39mtoBeInTheDocument()[33m;[39m
     [90m 69 |[39m     })[33m;[39m[0m

      at waitForWrapper (node_modules/@testing-library/dom/dist/wait-for.js:163:27)
      at Object.<anonymous> (__tests__/adminUpload.test.jsx:66:18)

  ΓùÅ Trang Admin Quß║ún L├╜ Upload - Kiß╗âm Thß╗¡ Viß╗çt H├│a & Logic To├án Diß╗çn ≡ƒìÇ ΓÇ║ phß║úi hiß╗ân thß╗ï n├║t 
th├¬m trang truyß╗çn trß╗▒c quan

    TestingLibraryElementError: Unable to find an element with the text: /Th├¬m trang/i. This could be because the 
text is broken up by multiple elements. In this case, you can provide a function for your text matcher to make your 
matcher more flexible.

    Ignored nodes: comments, script, style
    [36m<body>[39m
      [36m<div>[39m
        [36m<div[39m
          [33mclass[39m=[32m"min-h-screen bg-[#0a0c0a] text-white p-4 sm:p-8 font-sans"[39m
        [36m>[39m
          [36m<div[39m
            [33mclass[39m=[32m"max-w-6xl mx-auto pb-40"[39m
          [36m>[39m
            [36m<div[39m
              [33mclass[39m=[32m"flex items-center justify-between mb-8 border-b border-white/5 pb-6"[39m
            [36m>[39m
              [36m<h1[39m
                [33mclass[39m=[32m"text-[12px] font-black uppercase tracking-[0.5em] flex items-center gap-3"[39m
              [36m>[39m
                [36m<span[39m
                  [33mclass[39m=[32m"bg-[#4caf50] text-black px-2 py-0.5 rounded-sm"[39m
                [36m>[39m
                  [0mADMIN[0m
                [36m</span>[39m
                [0m─É─éNG CH╞»╞áNG[0m
                [0m [0m
                [36m<span[39m
                  [33mclass[39m=[32m"text-[#4caf50]"[39m
                [36m>[39m
                  [0m≡ƒìÇ[0m
                [36m</span>[39m
              [36m</h1>[39m
              [36m<div[39m
                [33mclass[39m=[32m"flex flex-col items-end gap-1"[39m
              [36m>[39m
                [36m<button[39m
                  [33mclass[39m=[32m"px-6 py-3 rounded-xl font-black text-[10px] uppercase tracking-widest 
transition-all flex items-center justify-center gap-2 shadow-lg disabled:opacity-50 disabled:cursor-not-allowed 
bg-white/5 border border-white/5 text-gray-400 hover:text-white active:scale-95"[39m
                [36m>[39m
                  [0mQUAY Lß║áI[0m
                [36m</button>[39m
              [36m</div>[39m
            [36m</div>[39m
            [36m<div[39m
              [33mclass[39m=[32m"space-y-12"[39m
            [36m>[39m
              [36m<div[39m
                [33mclass[39m=[32m"bg-white/[0.02] p-6 rounded-3xl border border-white/5 shadow-2xl"[39m
              [36m>[39m
                [36m<div[39m
                  [33mclass[39m=[32m"grid grid-cols-1 md:grid-cols-12 gap-6 items-end"[39m
                [36m>[39m
                  [36m<div[39m
                    [33mclass[39m=[32m"md:col-span-12 lg:col-span-6 space-y-2"[39m
                  [36m>[39m
                    [36m<label[39m
                      [33mclass[39m=[32m"text-[9px] font-black text-gray-500 uppercase tracking-widest pl-1"[39m
                    [36m>[39m
                      [0mBß╗Ö manga[0m
                    [36m</label>[39m
                    [36m<div[39m
                      [33mclass[39m=[32m"p-4 rounded-2xl bg-black border border-white/5 shadow-inner"[39m
                    [36m>[39m
                      [36m<p[39m
                        [33mclass[39m=[32m"text-sm font-black text-[#4caf50] uppercase truncate"[39m
                      [36m>[39m
                        [0m...[0m
                      [36m</p>[39m
                    [36m</div>[39m
                  [36m</div>[39m
                  [36m<div[39m
                    [33mclass[39m=[32m"md:col-span-4 lg:col-span-2 space-y-2"[39m
                  [36m>[39m
                    [36m<label[39m
                      [33mclass[39m=[32m"text-[9px] font-black text-gray-500 uppercase tracking-widest pl-1"[39m
                    [36m>[39m
                      [0mSß╗æ ch╞░╞íng[0m
                    [36m</label>[39m
                    [36m<input[39m
                      [33mclass[39m=[32m"w-full bg-black border border-white/10 rounded-2xl p-4 text-sm font-black 
text-[#4caf50] outline-none focus:border-[#4caf50]"[39m
                      [33mmax[39m=[32m"99999999"[39m
                      [33mplaceholder[39m=[32m"1"[39m
                      [33mstep[39m=[32m"0.1"[39m
                      [33mtype[39m=[32m"number"[39m
                      [33mvalue[39m=[32m""[39m
                    [36m/>[39m
                  [36m</div>[39m
                  [36m<div[39m
                    [33mclass[39m=[32m"md:col-span-8 lg:col-span-4 space-y-2"[39m
                  [36m>[39m
                    [36m<label[39m
                      [33mclass[39m=[32m"text-[9px] font-black text-gray-500 uppercase tracking-widest pl-1"[39m
                    [36m>[39m
                      [0mT├¬n ch╞░╞íng[0m
                    [36m</label>[39m
                    [36m<input[39m
                      [33mclass[39m=[32m"w-full bg-black border border-white/10 rounded-2xl p-4 text-sm font-black 
outline-none focus:border-[#4caf50]"[39m
                      [33mmaxlength[39m=[32m"200"[39m
                      [33mplaceholder[39m=[32m"Nß╗Öi dung t├╣y chß╗ìn..."[39m
                      [33mtype[39m=[32m"text"[39m
                      [33mvalue[39m=[32m""[39m
                    [36m/>[39m
                  [36m</div>[39m
                [36m</div>[39m
              [36m</div>[39m
              [36m<div[39m
                [33mclass[39m=[32m"space-y-6"[39m
              [36m>[39m
                [36m<div[39m
                  [33mclass[39m=[32m"flex gap-2 p-1.5 bg-white/5 rounded-2xl w-fit"[39m
                [36m>[39m
                  [36m<button[39m
                    [33mclass[39m=[32m"px-6 py-2.5 rounded-xl text-[10px] font-black uppercase tracking-widest 
transition-all bg-[#4caf50] text-black shadow-lg"[39m
                  [36m>[39m
                    [0mTß║úi file (MHTML/ß║ónh)[0m
                  [36m</button>[39m
                  [36m<button[39m
                    [33mclass[39m=[32m"px-6 py-2.5 rounded-xl text-[10px] font-black uppercase tracking-widest 
transition-all text-gray-400 hover:text-white"[39m
                  [36m>[39m
                    [0mD├ín link (Auto-Leech)[0m
                  [36m</button>[39m
                [36m</div>[39m
                [36m<div[39m
                  [33mclass[39m=[32m"relative group"[39m
                [36m>[39m
                  [36m<div[39m
                    [33mclass[39m=[32m"bg-white/[0.02] p-12 rounded-3xl border-2 border-dashed border-white/5 
hover:border-[#4caf50]/30 transition-all flex flex-col items-center justify-center gap-4 cursor-pointer"[39m
                  [36m>[39m
                    [36m<input[39m
                      [33maccept[39m=[32m"image/*,.mhtml,.mht"[39m
                      [33mclass[39m=[32m"absolute inset-0 opacity-0 cursor-pointer z-10"[39m
                      [33mmultiple[39m=[32m""[39m
                      [33mtype[39m=[32m"file"[39m
                    [36m/>[39m
                    [36m<div[39m
                      [33mclass[39m=[32m"w-16 h-16 rounded-full bg-[#4caf50]/10 flex items-center justify-center 
text-[#4caf50] group-hover:scale-110 transition-transform"[39m
                    [36m>[39m
                      [36m<svg[39m
                        [33mclass[39m=[32m"w-8 h-8"[39m
                        [33mfill[39m=[32m"none"[39m
                        [33mstroke[39m=[32m"currentColor"[39m
                        [33mviewBox[39m=[32m"0 0 24 24"[39m
                      [36m>[39m
                        [36m<path[39m
                          [33md[39m=[32m"M12 4v16m8-8H4"[39m
                          [33mstroke-linecap[39m=[32m"round"[39m
                          [33mstroke-linejoin[39m=[32m"round"[39m
                          [33mstroke-width[39m=[32m"3"[39m
                        [36m/>[39m
                      [36m</svg>[39m
                    [36m</div>[39m
                    [36m<div[39m
                      [33mclass[39m=[32m"text-center"[39m
                    [36m>[39m
                      [36m<p[39m
                        [33mclass[39m=[32m"text-xs font-black uppercase tracking-widest"[39m
                      [36m>[39m
                        [0mK├⌐o thß║ú hoß║╖c Nhß║Ñn ─æß╗â tß║úi file[0m
                      [36m</p>[39m
                      [36m<p[39m
                        [33mclass[39m=[32m"text-[9px] text-gray-500 font-bold uppercase tracking-widest mt-1"[39m
                      [36m>[39m
                        [0mHß╗ù trß╗ú ß║únh lß║╗ hoß║╖c file MHTML ≡ƒôé[0m
                      [36m</p>[39m
                    [36m</div>[39m
                  [36m</div>[39m
                [36m</div>[39m
              [36m</div>[39m
              [36m<div[39m
                [33mclass[39m=[32m"space-y-6"[39m
              [36m>[39m
                [36m<div[39m
                  [33mclass[39m=[32m"flex items-center justify-between px-2"[39m
                [36m>[39m
                  [36m<h2[39m
                    [33mclass[39m=[32m"text-[11px] font-black text-gray-600 uppercase tracking-widest 
leading-none"[39m
                  [36m>[39m
                    [0mC├üC TRANG TRUYß╗åN ([0m
                    [0m0[0m
                    [0m)[0m
                  [36m</h2>[39m
                  [36m<div[39m
                    [33mclass[39m=[32m"flex items-center gap-4"[39m
                  [36m/>[39m
                [36m</div>[39m
                [36m<div[39m
                  [33mclass[39m=[32m"flex flex-wrap gap-5"[39m
                [36m/>[39m
                [36m<div[39m
                  [33mid[39m=[32m"DndDescribedBy-2"[39m
                  [33mstyle[39m=[32m"display: none;"[39m
                [36m>[39m
                  [0m
        To pick up a draggable item, press the space bar.
        While dragging, use the arrow keys to move the item.
        Press space again to drop the item in its new position, or press escape to cancel.
      [0m
                [36m</div>[39m
                [36m<div[39m
                  [33maria-atomic[39m=[32m"true"[39m
                  [33maria-live[39m=[32m"assertive"[39m
                  [33mid[39m=[32m"DndLiveRegion-2"[39m
                  [33mrole[39m=[32m"status"[39m
                  [33mstyle[39m=[32m"position: fixed; top: 0px; left: 0px; width: 1px; height: 1px; margin: -1px; 
border: 0px; padding: 0px; overflow: hidden; clip-path: inset(100%); white-space: nowrap;"[39m
                [36m/>[39m
              [36m</div>[39m
            [36m</div>[39m
            [36m<div[39m
              [33mclass[39m=[32m"fixed bottom-10 left-1/2 -translate-x-1/2 z-50 w-full max-w-sm px-6"[39m
            [36m>[39m
              [36m<div[39m
                [33mclass[39m=[32m"p-4 bg-black/80 backdrop-blur-2xl border border-white/10 rounded-3xl shadow-2xl 
flex flex-col gap-4"[39m
              [36m>[39m
                [36m<button[39m
                  [33mclass[39m=[32m"w-full h-14 rounded-2xl font-black text-[11px] tracking-[0.4em] uppercase 
transition-all active:scale-95 bg-white/5 text-white/20"[39m
                  [33mdisabled[39m=[32m""[39m
                [36m>[39m
                  [0mXUß║ñT Bß║óN NGAY ≡ƒÜÇ[0m
                [36m</button>[39m
              [36m</div>[39m
            [36m</div>[39m
          [36m</div>[39m
        [36m</div>[39m
      [36m</div>[39m
    [36m</body>[39m

    [0m [90m 72 |[39m   it([32m'phß║úi hiß╗ân thß╗ï n├║t th├¬m trang truyß╗çn trß╗▒c quan'[39m[33m,[39m 
[36masync[39m () [33m=>[39m {
     [90m 73 |[39m     render([33m<[39m[33mAdminUploadPage[39m [33m/[39m[33m>[39m)[33m;[39m
    [31m[1m>[22m[39m[90m 74 |[39m     expect(screen[33m.[39mgetByText([35m/Th├¬m 
trang/i[39m))[33m.[39mtoBeInTheDocument()[33m;[39m
     [90m    |[39m                   [31m[1m^[22m[39m
     [90m 75 |[39m   })[33m;[39m
     [90m 76 |[39m
     [90m 77 |[39m   it([32m'phß║úi kiß╗âm so├ít ─æ╞░ß╗úc dung l╞░ß╗úng l╞░u trß╗» (Storage Meter)'[39m[33m,[39m 
[36masync[39m () [33m=>[39m {[0m

      at Object.getElementError (node_modules/@testing-library/dom/dist/config.js:37:19)
      at node_modules/@testing-library/dom/dist/query-helpers.js:76:38
      at node_modules/@testing-library/dom/dist/query-helpers.js:52:17
      at node_modules/@testing-library/dom/dist/query-helpers.js:95:19
      at Object.getByText (__tests__/adminUpload.test.jsx:74:19)

  ΓùÅ Trang Admin Quß║ún L├╜ Upload - Kiß╗âm Thß╗¡ Viß╗çt H├│a & Logic To├án Diß╗çn ≡ƒìÇ ΓÇ║ phß║úi kiß╗âm so├ít 
─æ╞░ß╗úc dung l╞░ß╗úng l╞░u trß╗» (Storage Meter)

    Unable to find an element with the text: /DUNG L╞»ß╗óNG ─É├â D├ÖNG/i. This could be because the text is broken up 
by multiple elements. In this case, you can provide a function for your text matcher to make your matcher more 
flexible.

    Ignored nodes: comments, script, style
    [36m<body>[39m
      [36m<div>[39m
        [36m<div[39m
          [33mclass[39m=[32m"min-h-screen bg-[#0a0c0a] text-white p-4 sm:p-8 font-sans"[39m
        [36m>[39m
          [36m<div[39m
            [33mclass[39m=[32m"max-w-6xl mx-auto pb-40"[39m
          [36m>[39m
            [36m<div[39m
              [33mclass[39m=[32m"flex items-center justify-between mb-8 border-b border-white/5 pb-6"[39m
            [36m>[39m
              [36m<h1[39m
                [33mclass[39m=[32m"text-[12px] font-black uppercase tracking-[0.5em] flex items-center gap-3"[39m
              [36m>[39m
                [36m<span[39m
                  [33mclass[39m=[32m"bg-[#4caf50] text-black px-2 py-0.5 rounded-sm"[39m
                [36m>[39m
                  [0mADMIN[0m
                [36m</span>[39m
                [0m─É─éNG CH╞»╞áNG[0m
                [0m [0m
                [36m<span[39m
                  [33mclass[39m=[32m"text-[#4caf50]"[39m
                [36m>[39m
                  [0m≡ƒìÇ[0m
                [36m</span>[39m
              [36m</h1>[39m
              [36m<div[39m
                [33mclass[39m=[32m"flex flex-col items-end gap-1"[39m
              [36m>[39m
                [36m<button[39m
                  [33mclass[39m=[32m"px-6 py-3 rounded-xl font-black text-[10px] uppercase tracking-widest 
transition-all flex items-center justify-center gap-2 shadow-lg disabled:opacity-50 disabled:cursor-not-allowed 
bg-white/5 border border-white/5 text-gray-400 hover:text-white active:scale-95"[39m
                [36m>[39m
                  [0mQUAY Lß║áI[0m
                [36m</button>[39m
              [36m</div>[39m
            [36m</div>[39m
            [36m<div[39m
              [33mclass[39m=[32m"bg-black/40 border border-[#2a332a] rounded-2xl p-4 mb-8 shadow-inner"[39m
            [36m>[39m
              [36m<div[39m
                [33mclass[39m=[32m"flex justify-between items-center mb-2"[39m
              [36m>[39m
                [36m<div[39m
                  [33mclass[39m=[32m"flex items-center gap-2"[39m
                [36m>[39m
                  [36m<span[39m
                    [33mclass[39m=[32m"text-[10px] font-black text-[#4caf50] uppercase tracking-widest"[39m
                  [36m>[39m
                    [0mStorage Status[0m
                  [36m</span>[39m
                [36m</div>[39m
                [36m<span[39m
                  [33mclass[39m=[32m"text-[11px] font-black text-white"[39m
                [36m>[39m
                  [0m5[0m
                  [0m GB [0m
                  [36m<span[39m
                    [33mclass[39m=[32m"text-gray-600"[39m
                  [36m>[39m
                    [0m/ [0m
                    [0m10[0m
                    [0m GB[0m
                  [36m</span>[39m
                [36m</span>[39m
              [36m</div>[39m
              [36m<div[39m
                [33mclass[39m=[32m"h-2.5 w-full bg-white/5 rounded-full overflow-hidden border border-white/5 
p-[1px]"[39m
              [36m>[39m
                [36m<div[39m
                  [33mclass[39m=[32m"h-full rounded-full transition-all duration-1000 bg-[#4caf50] 
shadow-[0_0_15px_rgba(76,175,80,0.3)]"[39m
                  [33mstyle[39m=[32m"width: 50%;"[39m
                [36m/>[39m
              [36m</div>[39m
              [36m<div[39m
                [33mclass[39m=[32m"flex justify-between mt-2"[39m
              [36m>[39m
                [36m<span[39m
                  [33mclass[39m=[32m"text-[8px] font-bold text-gray-600 uppercase"[39m
                [36m>[39m
                  [0mCloudflare R2 Free Tier[0m
                [36m</span>[39m
                [36m<span[39m
                  [33mclass[39m=[32m"text-[8px] font-bold text-[#4caf50]/50 uppercase tracking-tighter"[39m
                [36m>[39m
                  [0mShiroi Optimization Active ≡ƒìÇ[0m
                [36m</span>[39m
              [36m</div>[39m
            [36m</div>[39m
            [36m<div[39m
              [33mclass[39m=[32m"space-y-12"[39m
            [36m>[39m
              [36m<div[39m
                [33mclass[39m=[32m"bg-white/[0.02] p-6 rounded-3xl border border-white/5 shadow-2xl"[39m
              [36m>[39m
                [36m<div[39m
                  [33mclass[39m=[32m"grid grid-cols-1 md:grid-cols-12 gap-6 items-end"[39m
                [36m>[39m
                  [36m<div[39m
                    [33mclass[39m=[32m"md:col-span-12 lg:col-span-6 space-y-2"[39m
                  [36m>[39m
                    [36m<label[39m
                      [33mclass[39m=[32m"text-[9px] font-black text-gray-500 uppercase tracking-widest pl-1"[39m
                    [36m>[39m
                      [0mBß╗Ö manga[0m
                    [36m</label>[39m
                    [36m<div[39m
                      [33mclass[39m=[32m"p-4 rounded-2xl bg-black border border-white/5 shadow-inner"[39m
                    [36m>[39m
                      [36m<p[39m
                        [33mclass[39m=[32m"text-sm font-black text-[#4caf50] uppercase truncate"[39m
                      [36m>[39m
                        [0m...[0m
                      [36m</p>[39m
                    [36m</div>[39m
                  [36m</div>[39m
                  [36m<div[39m
                    [33mclass[39m=[32m"md:col-span-4 lg:col-span-2 space-y-2"[39m
                  [36m>[39m
                    [36m<label[39m
                      [33mclass[39m=[32m"text-[9px] font-black text-gray-500 uppercase tracking-widest pl-1"[39m
                    [36m>[39m
                      [0mSß╗æ ch╞░╞íng[0m
                    [36m</label>[39m
                    [36m<input[39m
                      [33mclass[39m=[32m"w-full bg-black border border-white/10 rounded-2xl p-4 text-sm font-black 
text-[#4caf50] outline-none focus:border-[#4caf50]"[39m
                      [33mmax[39m=[32m"99999999"[39m
                      [33mplaceholder[39m=[32m"1"[39m
                      [33mstep[39m=[32m"0.1"[39m
                      [33mtype[39m=[32m"number"[39m
                      [33mvalue[39m=[32m""[39m
                    [36m/>[39m
                  [36m</div>[39m
                  [36m<div[39m
                    [33mclass[39m=[32m"md:col-span-8 lg:col-span-4 space-y-2"[39m
                  [36m>[39m
                    [36m<label[39m
                      [33mclass[39m=[32m"text-[9px] font-black text-gray-500 uppercase tracking-widest pl-1"[39m
                    [36m>[39m
                      [0mT├¬n ch╞░╞íng[0m
                    [36m</label>[39m
                    [36m<input[39m
                      [33mclass[39m=[32m"w-full bg-black border border-white/10 rounded-2xl p-4 text-sm font-black 
outline-none focus:border-[#4caf50]"[39m
                      [33mmaxlength[39m=[32m"200"[39m
                      [33mplaceholder[39m=[32m"Nß╗Öi dung t├╣y chß╗ìn..."[39m
                      [33mtype[39m=[32m"text"[39m
                      [33mvalue[39m=[32m""[39m
                    [36m/>[39m
                  [36m</div>[39m
                [36m</div>[39m
              [36m</div>[39m
              [36m<div[39m
                [33mclass[39m=[32m"space-y-6"[39m
              [36m>[39m
                [36m<div[39m
                  [33mclass[39m=[32m"flex gap-2 p-1.5 bg-white/5 rounded-2xl w-fit"[39m
                [36m>[39m
                  [36m<button[39m
                    [33mclass[39m=[32m"px-6 py-2.5 rounded-xl text-[10px] font-black uppercase tracking-widest 
transition-all bg-[#4caf50] text-black shadow-lg"[39m
                  [36m>[39m
                    [0mTß║úi file (MHTML/ß║ónh)[0m
                  [36m</button>[39m
                  [36m<button[39m
                    [33mclass[39m=[32m"px-6 py-2.5 rounded-xl text-[10px] font-black uppercase tracking-widest 
transition-all text-gray-400 hover:text-white"[39m
                  [36m>[39m
                    [0mD├ín link (Auto-Leech)[0m
                  [36m</button>[39m
                [36m</div>[39m
                [36m<div[39m
                  [33mclass[39m=[32m"relative group"[39m
                [36m>[39m
                  [36m<div[39m
                    [33mclass[39m=[32m"bg-white/[0.02] p-12 rounded-3xl border-2 border-dashed border-white/5 
hover:border-[#4caf50]/30 transition-all flex flex-col items-center justify-center gap-4 cursor-pointer"[39m
                  [36m>[39m
                    [36m<input[39m
                      [33maccept[39m=[32m"image/*,.mhtml,.mht"[39m
                      [33mclass[39m=[32m"absolute inset-0 opacity-0 cursor-pointer z-10"[39m
                      [33mmultiple[39m=[32m""[39m
                      [33mtype[39m=[32m"file"[39m
                    [36m/>[39m
                    [36m<div[39m
                      [33mclass[39m=[32m"w-16 h-16 rounded-full bg-[#4caf50]/10 flex items-center justify-center 
text-[#4caf50] group-hover:scale-110 transition-transform"[39m
                    [36m>[39m
                      [36m<svg[39m
                        [33mclass[39m=[32m"w-8 h-8"[39m
                        [33mfill[39m=[32m"none"[39m
                        [33mstroke[39m=[32m"currentColor"[39m
                        [33mviewBox[39m=[32m"0 0 24 24"[39m
                      [36m>[39m
                        [36m<path[39m
                          [33md[39m=[32m"M12 4v16m8-8H4"[39m
                          [33mstroke-linecap[39m=[32m"round"[39m
                          [33mstroke-linejoin[39m=[32m"round"[39m
                          [33mstroke-width[39m=[32m"3"[39m
                        [36m/>[39m
                      [36m</svg>[39m
                    [36m</div>[39m
                    [36m<div[39m
                      [33mclass[39m=[32m"text-center"[39m
                    [36m>[39m
                      [36m<p[39m
                        [33mclass[39m=[32m"text-xs font-black uppercase tracking-widest"[39m
                      [36m>[39m
                        [0mK├⌐o thß║ú hoß║╖c Nhß║Ñn ─æß╗â tß║úi file[0m
                      [36m</p>[39m
                      [36m<p[39m
                        [33mclass[39m=[32m"text-[9px] text-gray-500 font-bold uppercase tracking-widest mt-1"[39m
                      [36m>[39m
                        [0mHß╗ù trß╗ú ß║únh lß║╗ hoß║╖c file MHTML ≡ƒôé[0m
                      [36m</p>[39m
                    [36m</div>[39m
                  [36m</div>[39m
                [36m</div>[39m
              [36m</div>[39m
              [36m<div[39m
                [33mclass[39m=[32m"space-y-6"[39m
              [36m>[39m
                [36m<div[39m
                  [33mclass[39m=[32m"flex items-center justify-between px-2"[39m
                [36m>[39m
                  [36m<h2[39m
                    [33mclass[39m=[32m"text-[11px] font-black text-gray-600 uppercase tracking-widest 
leading-none"[39m
                  [36m>[39m
                    [0mC├üC TRANG TRUYß╗åN ([0m
                    [0m0[0m
                    [0m)[0m
                  [36m</h2>[39m
                  [36m<div[39m
                    [33mclass[39m=[32m"flex items-center gap-4"[39m
                  [36m/>[39m
                [36m</div>[39m
                [36m<div[39m
                  [33mclass[39m=[32m"flex flex-wrap gap-5"[39m
                [36m/>[39m
                [36m<div[39m
                  [33mid[39m=[32m"DndDescribedBy-3"[39m
                  [33mstyle[39m=[32m"display: none;"[39m
                [36m>[39m
                  [0m
        To pick up a draggable item, press the space bar.
        While dragging, use the arrow keys to move the item.
        Press space again to drop the item in its new position, or press escape to cancel.
      [0m
                [36m</div>[39m
                [36m<div[39m
                  [33maria-atomic[39m=[32m"true"[39m
                  [33maria-live[39m=[32m"assertive"[39m
                  [33mid[39m=[32m"DndLiveRegion-3"[39m
                  [33mrole[39m=[32m"status"[39m
                  [33mstyle[39m=[32m"position: fixed; top: 0px; left: 0px; width: 1px; height: 1px; margin: -1px; 
border: 0px; padding: 0px; overflow: hidden; clip-path: inset(100%); white-space: nowrap;"[39m
                [36m/>[39m
              [36m</div>[39m
            [36m</div>[39m
            [36m<div[39m
              [33mclass[39m=[32m"fixed bottom-10 left-1/2 -translate-x-1/2 z-50 w-full max-w-sm px-6"[39m
            [36m>[39m
              [36m<div[39m
                [33mclass[39m=[32m"p-4 bg-black/80 backdrop-blur-2xl border border-white/10 rounded-3xl shadow-2xl 
flex flex-col gap-4"[39m
              [36m>[39m
                [36m<button[39m
                  [33mclass[39m=[32m"w-full h-14 rounded-2xl font-black text-[11px] tracking-[0.4em] uppercase 
transition-all active:scale-95 bg-white/5 text-white/20"[39m
                  [33mdisabled[39m=[32m""[39m
                [36m>[39m
                  [0mXUß║ñT Bß║óN NGAY ≡ƒÜÇ[0m
                [36m</button>[39m
              [36m</div>[39m
            [36m</div>[39m
          [36m</div>[39m
        [36m</div>[39m
      [36m</div>[39m
    [36m</body>[39m

    [0m [90m 86 |[39m     render([33m<[39m[33mAdminUploadPage[39m [33m/[39m[33m>[39m)[33m;[39m
     [90m 87 |[39m     
    [31m[1m>[22m[39m[90m 88 |[39m     [36mawait[39m waitFor(() [33m=>[39m {
     [90m    |[39m                  [31m[1m^[22m[39m
     [90m 89 |[39m         expect(screen[33m.[39mgetByText([35m/DUNG L╞»ß╗óNG ─É├â 
D├ÖNG/i[39m))[33m.[39mtoBeInTheDocument()[33m;[39m
     [90m 90 |[39m         expect(screen[33m.[39mgetByText([35m/5.00 GB \/ 10 
GB/i[39m))[33m.[39mtoBeInTheDocument()[33m;[39m
     [90m 91 |[39m     })[33m;[39m[0m

      at waitForWrapper (node_modules/@testing-library/dom/dist/wait-for.js:163:27)
      at Object.<anonymous> (__tests__/adminUpload.test.jsx:88:18)

  ΓùÅ Trang Admin Quß║ún L├╜ Upload - Kiß╗âm Thß╗¡ Viß╗çt H├│a & Logic To├án Diß╗çn ≡ƒìÇ ΓÇ║ phß║úi kiß╗âm so├ít 
─æ╞░ß╗úc dung l╞░ß╗úng l╞░u trß╗» (Storage Meter)

    TypeError: Cannot read properties of undefined (reading 'select')

    [0m [90m 235 |[39m
     [90m 236 |[39m   [36mconst[39m fetchMangas [33m=[39m [36masync[39m () [33m=>[39m {
    [31m[1m>[22m[39m[90m 237 |[39m     [36mconst[39m { data } [33m=[39m [36mawait[39m 
supabase[33m.[39m[36mfrom[39m([32m'mangas'[39m)[33m.[39mselect([32m'id, 
title'[39m)[33m.[39morder([32m'title'[39m)[33m;[39m
     [90m     |[39m                                          [31m[1m^[22m[39m
     [90m 238 |[39m     setMangas(data [33m||[39m [])[33m;[39m
     [90m 239 |[39m   }[33m;[39m
     [90m 240 |[39m[0m

      at fetchMangas (src/app/admin/upload/page.tsx:237:42)
      at fetchMangas (src/app/admin/upload/page.tsx:205:5)
      at commitHookEffectListMount (node_modules/react-dom/cjs/react-dom.development.js:23189:26)
      at commitPassiveMountOnFiber (node_modules/react-dom/cjs/react-dom.development.js:24970:11)
      at commitPassiveMountEffects_complete (node_modules/react-dom/cjs/react-dom.development.js:24930:9)
      at commitPassiveMountEffects_begin (node_modules/react-dom/cjs/react-dom.development.js:24917:7)
      at commitPassiveMountEffects (node_modules/react-dom/cjs/react-dom.development.js:24905:3)
      at flushPassiveEffectsImpl (node_modules/react-dom/cjs/react-dom.development.js:27078:3)
      at flushPassiveEffects (node_modules/react-dom/cjs/react-dom.development.js:27023:14)
      at node_modules/react-dom/cjs/react-dom.development.js:26808:9
      at flushActQueue (node_modules/react/cjs/react.development.js:2667:24)
      at act (node_modules/react/cjs/react.development.js:2582:11)
      at node_modules/@testing-library/react/dist/act-compat.js:46:25
      at renderRoot (node_modules/@testing-library/react/dist/pure.js:189:26)
      at render (node_modules/@testing-library/react/dist/pure.js:291:10)
      at Object.<anonymous> (__tests__/adminUpload.test.jsx:73:11)

  ΓùÅ Trang Admin Quß║ún L├╜ Upload - Kiß╗âm Thß╗¡ Viß╗çt H├│a & Logic To├án Diß╗çn ≡ƒìÇ ΓÇ║ phß║úi kiß╗âm so├ít 
─æ╞░ß╗úc dung l╞░ß╗úng l╞░u trß╗» (Storage Meter)

    TypeError: Cannot read properties of undefined (reading 'select')

    [0m [90m 235 |[39m
     [90m 236 |[39m   [36mconst[39m fetchMangas [33m=[39m [36masync[39m () [33m=>[39m {
    [31m[1m>[22m[39m[90m 237 |[39m     [36mconst[39m { data } [33m=[39m [36mawait[39m 
supabase[33m.[39m[36mfrom[39m([32m'mangas'[39m)[33m.[39mselect([32m'id, 
title'[39m)[33m.[39morder([32m'title'[39m)[33m;[39m
     [90m     |[39m                                          [31m[1m^[22m[39m
     [90m 238 |[39m     setMangas(data [33m||[39m [])[33m;[39m
     [90m 239 |[39m   }[33m;[39m
     [90m 240 |[39m[0m

      at fetchMangas (src/app/admin/upload/page.tsx:237:42)
      at fetchMangas (src/app/admin/upload/page.tsx:205:5)
      at commitHookEffectListMount (node_modules/react-dom/cjs/react-dom.development.js:23189:26)
      at commitPassiveMountOnFiber (node_modules/react-dom/cjs/react-dom.development.js:24970:11)
      at commitPassiveMountEffects_complete (node_modules/react-dom/cjs/react-dom.development.js:24930:9)
      at commitPassiveMountEffects_begin (node_modules/react-dom/cjs/react-dom.development.js:24917:7)
      at commitPassiveMountEffects (node_modules/react-dom/cjs/react-dom.development.js:24905:3)
      at flushPassiveEffectsImpl (node_modules/react-dom/cjs/react-dom.development.js:27078:3)
      at flushPassiveEffects (node_modules/react-dom/cjs/react-dom.development.js:27023:14)
      at node_modules/react-dom/cjs/react-dom.development.js:26808:9
      at flushActQueue (node_modules/react/cjs/react.development.js:2667:24)
      at act (node_modules/react/cjs/react.development.js:2582:11)
      at node_modules/@testing-library/react/dist/act-compat.js:46:25
      at renderRoot (node_modules/@testing-library/react/dist/pure.js:189:26)
      at render (node_modules/@testing-library/react/dist/pure.js:291:10)
      at Object.<anonymous> (__tests__/adminUpload.test.jsx:86:11)

  ΓùÅ Trang Admin Quß║ún L├╜ Upload - Kiß╗âm Thß╗¡ Viß╗çt H├│a & Logic To├án Diß╗çn ≡ƒìÇ ΓÇ║ phß║úi kiß╗âm so├ít 
─æ╞░ß╗úc dung l╞░ß╗úng l╞░u trß╗» (Storage Meter)

    TypeError: Cannot read properties of undefined (reading 'select')

    [0m [90m 235 |[39m
     [90m 236 |[39m   [36mconst[39m fetchMangas [33m=[39m [36masync[39m () [33m=>[39m {
    [31m[1m>[22m[39m[90m 237 |[39m     [36mconst[39m { data } [33m=[39m [36mawait[39m 
supabase[33m.[39m[36mfrom[39m([32m'mangas'[39m)[33m.[39mselect([32m'id, 
title'[39m)[33m.[39morder([32m'title'[39m)[33m;[39m
     [90m     |[39m                                          [31m[1m^[22m[39m
     [90m 238 |[39m     setMangas(data [33m||[39m [])[33m;[39m
     [90m 239 |[39m   }[33m;[39m
     [90m 240 |[39m[0m

      at fetchMangas (src/app/admin/upload/page.tsx:237:42)
      at fetchMangas (src/app/admin/upload/page.tsx:205:5)
      at commitHookEffectListMount (node_modules/react-dom/cjs/react-dom.development.js:23189:26)
      at commitPassiveMountOnFiber (node_modules/react-dom/cjs/react-dom.development.js:24970:11)
      at commitPassiveMountEffects_complete (node_modules/react-dom/cjs/react-dom.development.js:24930:9)
      at commitPassiveMountEffects_begin (node_modules/react-dom/cjs/react-dom.development.js:24917:7)
      at commitPassiveMountEffects (node_modules/react-dom/cjs/react-dom.development.js:24905:3)
      at flushPassiveEffectsImpl (node_modules/react-dom/cjs/react-dom.development.js:27078:3)
      at flushPassiveEffects (node_modules/react-dom/cjs/react-dom.development.js:27023:14)
      at node_modules/react-dom/cjs/react-dom.development.js:26808:9
      at flushActQueue (node_modules/react/cjs/react.development.js:2667:24)
      at act (node_modules/react/cjs/react.development.js:2582:11)
      at node_modules/@testing-library/react/dist/act-compat.js:46:25
      at renderRoot (node_modules/@testing-library/react/dist/pure.js:189:26)
      at render (node_modules/@testing-library/react/dist/pure.js:291:10)
      at Object.<anonymous> (__tests__/adminUpload.test.jsx:73:11)

  ΓùÅ Trang Admin Quß║ún L├╜ Upload - Kiß╗âm Thß╗¡ Viß╗çt H├│a & Logic To├án Diß╗çn ≡ƒìÇ ΓÇ║ phß║úi kiß╗âm so├ít 
─æ╞░ß╗úc dung l╞░ß╗úng l╞░u trß╗» (Storage Meter)

    TypeError: Cannot read properties of undefined (reading 'select')

    [0m [90m 235 |[39m
     [90m 236 |[39m   [36mconst[39m fetchMangas [33m=[39m [36masync[39m () [33m=>[39m {
    [31m[1m>[22m[39m[90m 237 |[39m     [36mconst[39m { data } [33m=[39m [36mawait[39m 
supabase[33m.[39m[36mfrom[39m([32m'mangas'[39m)[33m.[39mselect([32m'id, 
title'[39m)[33m.[39morder([32m'title'[39m)[33m;[39m
     [90m     |[39m                                          [31m[1m^[22m[39m
     [90m 238 |[39m     setMangas(data [33m||[39m [])[33m;[39m
     [90m 239 |[39m   }[33m;[39m
     [90m 240 |[39m[0m

      at fetchMangas (src/app/admin/upload/page.tsx:237:42)
      at fetchMangas (src/app/admin/upload/page.tsx:205:5)
      at commitHookEffectListMount (node_modules/react-dom/cjs/react-dom.development.js:23189:26)
      at commitPassiveMountOnFiber (node_modules/react-dom/cjs/react-dom.development.js:24970:11)
      at commitPassiveMountEffects_complete (node_modules/react-dom/cjs/react-dom.development.js:24930:9)
      at commitPassiveMountEffects_begin (node_modules/react-dom/cjs/react-dom.development.js:24917:7)
      at commitPassiveMountEffects (node_modules/react-dom/cjs/react-dom.development.js:24905:3)
      at flushPassiveEffectsImpl (node_modules/react-dom/cjs/react-dom.development.js:27078:3)
      at flushPassiveEffects (node_modules/react-dom/cjs/react-dom.development.js:27023:14)
      at node_modules/react-dom/cjs/react-dom.development.js:26808:9
      at flushActQueue (node_modules/react/cjs/react.development.js:2667:24)
      at act (node_modules/react/cjs/react.development.js:2582:11)
      at node_modules/@testing-library/react/dist/act-compat.js:46:25
      at renderRoot (node_modules/@testing-library/react/dist/pure.js:189:26)
      at render (node_modules/@testing-library/react/dist/pure.js:291:10)
      at Object.<anonymous> (__tests__/adminUpload.test.jsx:86:11)

Test Suites: 1 failed, 1 total
Tests:       4 failed, 4 total
Snapshots:   0 total
Time:        6.273 s
Ran all test suites matching __tests__/adminUpload.test.jsx.
